../Core/Src/main.c:80:5:main	40	static
../Core/Src/main.c:139:6:SystemClock_Config	88	static
../Core/Src/main.c:186:13:MX_ADC1_Init	24	static
../Core/Src/main.c:238:13:MX_I2C2_Init	8	static
../Core/Src/main.c:272:13:MX_I2S2_Init	8	static
../Core/Src/main.c:306:13:MX_TIM14_Init	8	static
../Core/Src/main.c:337:13:MX_USART1_UART_Init	8	static
../Core/Src/main.c:368:13:MX_DMA_Init	16	static
../Core/Src/main.c:389:13:MX_GPIO_Init	48	static
../Core/Src/main.c:423:6:HAL_TIM_PeriodElapsedCallback	16	static
../Core/Src/main.c:481:6:Error_Handler	4	static,ignoring_inline_asm
