../Core/Src/main.c:79:6:HAL_I2SEx_TxRxHalfCpltCallback	16	static
../Core/Src/main.c:86:6:HAL_I2SEx_TxRxCpltCallback	16	static
../Core/Src/main.c:106:6:processData	16	static
../Core/Src/main.c:165:5:main	16	static
../Core/Src/main.c:238:6:SystemClock_Config	88	static
../Core/Src/main.c:284:13:MX_ADC1_Init	24	static
../Core/Src/main.c:336:13:MX_I2C2_Init	8	static
../Core/Src/main.c:370:13:MX_I2S2_Init	8	static
../Core/Src/main.c:404:13:MX_TIM14_Init	8	static
../Core/Src/main.c:435:13:MX_USART1_UART_Init	8	static
../Core/Src/main.c:466:13:MX_DMA_Init	16	static
../Core/Src/main.c:487:13:MX_GPIO_Init	48	static
../Core/Src/main.c:521:6:HAL_TIM_PeriodElapsedCallback	16	static
../Core/Src/main.c:579:6:Error_Handler	4	static,ignoring_inline_asm
